{
    "single_end_software_versions": {
        "content": [
            "{BISMARK_ALIGN={bismark=0.24.0}, BISMARK_GENOMEPREPARATION={bismark=0.24.0}, CAT_FASTQ={cat=8.30}, CUSTOM_DUMPSOFTWAREVERSIONS={python=3.11.0, yaml=6.0}, FASTQC={fastqc=0.11.9}, QUALIMAP_BAMQC={qualimap=2.2.2-dev}, TRIMGALORE={cutadapt=3.4, trimgalore=0.6.7}, Workflow={nf-core/methylseq=2.5.0}}"
        ],
        "timestamp": "2023-08-28T10:04:42+0000"
    },
    "single_end_rrbs_software_versions": {
        "content": [
            "{BISMARK_ALIGN={bismark=0.24.0}, BISMARK_GENOMEPREPARATION={bismark=0.24.0}, CAT_FASTQ={cat=8.30}, CUSTOM_DUMPSOFTWAREVERSIONS={python=3.11.0, yaml=6.0}, FASTQC={fastqc=0.11.9}, QUALIMAP_BAMQC={qualimap=2.2.2-dev}, Workflow={nf-core/methylseq=2.5.0}}"
        ],
        "timestamp": "2023-08-28T10:04:42+0000"
    },
    "single_end": {
        "content": [
            "Ecoli_10K_1_val_1_bismark_hisat2_pe.deduplicated.bam:md5,9e9b4adfeeb716e24ecba0bfad39c2e3",
            "SRR389222_trimmed_bismark_hisat2.deduplicated.bam:md5,aa60cf9dcf302c185b12ced6f302a06e",
            "Ecoli_10K_1_val_1_bismark_hisat2_pe.deduplicated.bedGraph.gz:md5,539b06719ca6dcccaf2b86d8be571ace",
            "SRR389222_trimmed_bismark_hisat2.deduplicated.bedGraph.gz:md5,dba86d0f60ad88aaeef1970ceef8376b",
            "Ecoli_10K_1_val_1_bismark_hisat2_pe.deduplicated.M-bias.txt:md5,5fd8655f4b9dba2249a52b769fe50faf",
            "SRR389222_trimmed_bismark_hisat2.deduplicated.M-bias.txt:md5,b19356395d4ae1ad83bd3ec38276e580",
            [
                "CHG_OB_Ecoli_10K_1_val_1_bismark_hisat2_pe.deduplicated.txt.gz:md5,c2144bcfb7850b8c10bb8296dd2e09c1",
                "CHG_OB_SRR389222_trimmed_bismark_hisat2.deduplicated.txt.gz:md5,b0f6e9284b65d1bf3c813008c08656cc",
                "CHG_OT_Ecoli_10K_1_val_1_bismark_hisat2_pe.deduplicated.txt.gz:md5,7f49ecab1843458c28c3d6fe6a85149e",
                "CHG_OT_SRR389222_trimmed_bismark_hisat2.deduplicated.txt.gz:md5,5813137cea214c7759598ca442f29d47",
                "CHH_OB_Ecoli_10K_1_val_1_bismark_hisat2_pe.deduplicated.txt.gz:md5,4e8f5b27fbb933c572f269688004be38",
                "CHH_OB_SRR389222_trimmed_bismark_hisat2.deduplicated.txt.gz:md5,aca84c4d6fffb7bf72f4dcd4371dc89b",
                "CHH_OT_Ecoli_10K_1_val_1_bismark_hisat2_pe.deduplicated.txt.gz:md5,d173808471dbb7c50ef43eb1f5f29faa",
                "CHH_OT_SRR389222_trimmed_bismark_hisat2.deduplicated.txt.gz:md5,1018c276fa14900e7b1edad0e23fc7ff",
                "CpG_OB_Ecoli_10K_1_val_1_bismark_hisat2_pe.deduplicated.txt.gz:md5,3f58d13a3b47d639696dbb4478a39488",
                "CpG_OB_SRR389222_trimmed_bismark_hisat2.deduplicated.txt.gz:md5,0039a8c3f8971a5a99bc58bc1511fa0d",
                "CpG_OT_Ecoli_10K_1_val_1_bismark_hisat2_pe.deduplicated.txt.gz:md5,6dfc57a2892d7cd3bebb7cbc0878196b",
                "CpG_OT_SRR389222_trimmed_bismark_hisat2.deduplicated.txt.gz:md5,801c0dba9ca584d9c804a4254d7c4ea6"
            ],
            "Ecoli_10K_1_val_1_bismark_hisat2_pe.deduplicated.bismark.cov.gz:md5,474c1291d09b023e91ed892b5a09ba80",
            "SRR389222_trimmed_bismark_hisat2.deduplicated.bismark.cov.gz:md5,e58cba79f419cb411a77b656173d48ea",
            "Ecoli_10K_1_val_1_bismark_hisat2_pe.deduplicated_splitting_report.txt:md5,a5dc04c52facdb5221a06ae7f3bca2e4",
            "SRR389222_trimmed_bismark_hisat2.deduplicated_splitting_report.txt:md5,1f792e1fddb17140947f14008e1f9ffd",
            "SRR389222.merged.fastq.gz:md5,ba5df0639e25988059a6f5bf309dbb6e",
            "genome_results.txt:md5,f272f759bfed7e8a30ec2719e0b518aa",
            "genome_results.txt:md5,7706d3790aee0e9244c490941ecd394f"
        ],
        "timestamp": "2023-08-28T10:04:42+0000"
    },
    "single_end_rrbs": {
        "content": [
            "Ecoli_10K_methylated_R1_bismark_hisat2_pe.bam:md5,53c34edee0bc7f34c9f4e9a3685dd706",
            "SRR389222.merged_bismark_hisat2.bam:md5,204123a5f7cd77cba3a90b904443c7eb",
            "Ecoli_10K_methylated_R1_bismark_hisat2_pe.bedGraph.gz:md5,539b06719ca6dcccaf2b86d8be571ace",
            "SRR389222.merged_bismark_hisat2.bedGraph.gz:md5,2b41ebc929eec351e21a16eec6f8fdd9",
            "Ecoli_10K_methylated_R1_bismark_hisat2_pe.M-bias.txt:md5,5fd8655f4b9dba2249a52b769fe50faf",
            "SRR389222.merged_bismark_hisat2.M-bias.txt:md5,ea90b0495446d03e375aad42d598a9f9",
            [
                "CHG_OB_Ecoli_10K_methylated_R1_bismark_hisat2_pe.txt.gz:md5,c2144bcfb7850b8c10bb8296dd2e09c1",
                "CHG_OB_SRR389222.merged_bismark_hisat2.txt.gz:md5,3fcc7974fd6c5cbacf231835f58d949b",
                "CHG_OT_Ecoli_10K_methylated_R1_bismark_hisat2_pe.txt.gz:md5,7f49ecab1843458c28c3d6fe6a85149e",
                "CHG_OT_SRR389222.merged_bismark_hisat2.txt.gz:md5,e924ba0137252d4b470532cfc36524c2",
                "CHH_OB_Ecoli_10K_methylated_R1_bismark_hisat2_pe.txt.gz:md5,4e8f5b27fbb933c572f269688004be38",
                "CHH_OB_SRR389222.merged_bismark_hisat2.txt.gz:md5,2fb870b779750951bec579ce7562736e",
                "CHH_OT_Ecoli_10K_methylated_R1_bismark_hisat2_pe.txt.gz:md5,d173808471dbb7c50ef43eb1f5f29faa",
                "CHH_OT_SRR389222.merged_bismark_hisat2.txt.gz:md5,6e1d89e988f10fa528398b117a554fb1",
                "CpG_OB_Ecoli_10K_methylated_R1_bismark_hisat2_pe.txt.gz:md5,3f58d13a3b47d639696dbb4478a39488",
                "CpG_OB_SRR389222.merged_bismark_hisat2.txt.gz:md5,6537b18418e62410d9ae617480702c54",
                "CpG_OT_Ecoli_10K_methylated_R1_bismark_hisat2_pe.txt.gz:md5,6dfc57a2892d7cd3bebb7cbc0878196b",
                "CpG_OT_SRR389222.merged_bismark_hisat2.txt.gz:md5,b07add9bb5ebc7d404e1505deb960654"
            ],
            "Ecoli_10K_methylated_R1_bismark_hisat2_pe.bismark.cov.gz:md5,474c1291d09b023e91ed892b5a09ba80",
            "SRR389222.merged_bismark_hisat2.bismark.cov.gz:md5,626edb040f82e57c1f521bdb72618407",
            "Ecoli_10K_methylated_R1_bismark_hisat2_pe_splitting_report.txt:md5,76868c2015864a3f7c2b4cd1738e4765",
            "SRR389222.merged_bismark_hisat2_splitting_report.txt:md5,4a9e54ffb48c9bb1e5ac33aa77b25f5c",
            "SRR389222.merged.fastq.gz:md5,ba5df0639e25988059a6f5bf309dbb6e",
            "genome_results.txt:md5,13a70a3885acd9d55014aa1ad66e2bbb",
            "genome_results.txt:md5,ae5b10e9a3ffa1ac7a4f4e736228ec49"
        ],
        "timestamp": "2023-08-28T10:04:42+0000"
    }
}
