{
    "single_end_software_versions": {
        "content": [
            "{BISMARK_ALIGN={bismark=0.24.0}, BISMARK_GENOMEPREPARATION={bismark=0.24.0}, CAT_FASTQ={cat=8.30}, CUSTOM_DUMPSOFTWAREVERSIONS={python=3.11.0, yaml=6.0}, FASTQC={fastqc=0.11.9}, QUALIMAP_BAMQC={qualimap=2.2.2-dev}, TRIMGALORE={cutadapt=3.4, trimgalore=0.6.7}, Workflow={nf-core/methylseq=2.5.0dev}}"
        ],
        "timestamp": "2023-08-28T08:46:48+0000"
    },
    "single_end_nomeseq_software_versions": {
        "content": [
            "{BISMARK_ALIGN={bismark=0.24.0}, BISMARK_GENOMEPREPARATION={bismark=0.24.0}, CAT_FASTQ={cat=8.30}, CUSTOM_DUMPSOFTWAREVERSIONS={python=3.11.0, yaml=6.0}, FASTQC={fastqc=0.11.9}, QUALIMAP_BAMQC={qualimap=2.2.2-dev}, TRIMGALORE={cutadapt=3.4, trimgalore=0.6.7}, Workflow={nf-core/methylseq=2.5.0dev}}"
        ],
        "timestamp": "2023-08-28T08:46:48+0000"
    },
    "single_end_nomeseq": {
        "content": [
            "Ecoli_10K.NOMe.CpG.cov.gz:md5,b172ec70bfb6607a5704c68ed27dc8e4",
            "Ecoli_10K.NOMe.GpC.cov.gz:md5,c975d1cbd714f79ce900378604b460b5",
            "SRR389222.NOMe.CpG.cov.gz:md5,c86cd4e0523987bbb18191aeb2d2ecfd",
            "SRR389222.NOMe.GpC.cov.gz:md5,bdd5bd0a9fc8be7cbd22d7fe302e8f17",
            "Ecoli_10K_1_val_1_bismark_bt2_pe.deduplicated.bam:md5,a7464c83416ba057387df5d85b1bc1fe",
            "SRR389222_trimmed_bismark_bt2.deduplicated.bam:md5,7dba45955ae74159596a6ab41a9dcc87",
            "Ecoli_10K_1_val_1_bismark_bt2_pe.deduplicated.bedGraph.gz:md5,6d631d8999657816e569a7a896f423d5",
            "SRR389222_trimmed_bismark_bt2.deduplicated.bedGraph.gz:md5,4a1bee24f279542dad02b167fabc6997",
            "Ecoli_10K_1_val_1_bismark_bt2_pe.deduplicated.M-bias.txt:md5,29f3b882a51b63ce77d3d9c69b0e5f85",
            "SRR389222_trimmed_bismark_bt2.deduplicated.M-bias.txt:md5,bc48b8895f9ce84205a25899cf551624",
            "Ecoli_10K_1_val_1_bismark_bt2_pe.deduplicated.bismark.cov.gz:md5,5a358982536d476e962319b6656441da",
            "SRR389222_trimmed_bismark_bt2.deduplicated.bismark.cov.gz:md5,b08b8d4dc026106345ca6108e27ed601",
            [
                "CHG_OB_Ecoli_10K_1_val_1_bismark_bt2_pe.deduplicated.txt.gz:md5,bca8572c7cd3cd45e148ba722ad4b12d",
                "CHG_OB_SRR389222_trimmed_bismark_bt2.deduplicated.txt.gz:md5,b0f6e9284b65d1bf3c813008c08656cc",
                "CHG_OT_Ecoli_10K_1_val_1_bismark_bt2_pe.deduplicated.txt.gz:md5,7f49ecab1843458c28c3d6fe6a85149e",
                "CHG_OT_SRR389222_trimmed_bismark_bt2.deduplicated.txt.gz:md5,ddc200fe98155bf88be3d98073a37238",
                "CHH_OB_Ecoli_10K_1_val_1_bismark_bt2_pe.deduplicated.txt.gz:md5,e67409a20a141077edc1dc61972bb278",
                "CHH_OB_SRR389222_trimmed_bismark_bt2.deduplicated.txt.gz:md5,aca84c4d6fffb7bf72f4dcd4371dc89b",
                "CHH_OT_Ecoli_10K_1_val_1_bismark_bt2_pe.deduplicated.txt.gz:md5,d173808471dbb7c50ef43eb1f5f29faa",
                "CHH_OT_SRR389222_trimmed_bismark_bt2.deduplicated.txt.gz:md5,a23e78b714eb1ef1810714d29557c620",
                "CpG_OB_Ecoli_10K_1_val_1_bismark_bt2_pe.deduplicated.txt.gz:md5,c3d32d42c00d94ea8322487aa0a20787",
                "CpG_OB_SRR389222_trimmed_bismark_bt2.deduplicated.txt.gz:md5,0039a8c3f8971a5a99bc58bc1511fa0d",
                "CpG_OT_Ecoli_10K_1_val_1_bismark_bt2_pe.deduplicated.txt.gz:md5,6dfc57a2892d7cd3bebb7cbc0878196b",
                "CpG_OT_SRR389222_trimmed_bismark_bt2.deduplicated.txt.gz:md5,288062a6b71f04688afad75dcd2230f9"
            ],
            "Ecoli_10K_1_val_1_bismark_bt2_pe.deduplicated_splitting_report.txt:md5,79ebef1c474ff5bdb5f79b955208bb04",
            "SRR389222_trimmed_bismark_bt2.deduplicated_splitting_report.txt:md5,1c4a4288b3bcf1bbaa6b99e3c4b53ce9",
            "SRR389222.merged.fastq.gz:md5,ba5df0639e25988059a6f5bf309dbb6e",
            "genome_results.txt:md5,1e01c188f34b7d385e8b16156ab2b93e",
            "genome_results.txt:md5,b99d4cfd82d21ac09ccb72865f9b3960"
        ],
        "timestamp": "2023-08-28T08:46:48+0000"
    },
    "single_end_rrbs_software_versions": {
        "content": [
            "{BISMARK_ALIGN={bismark=0.24.0}, BISMARK_GENOMEPREPARATION={bismark=0.24.0}, CAT_FASTQ={cat=8.30}, CUSTOM_DUMPSOFTWAREVERSIONS={python=3.11.0, yaml=6.0}, FASTQC={fastqc=0.11.9}, QUALIMAP_BAMQC={qualimap=2.2.2-dev}, Workflow={nf-core/methylseq=2.5.0dev}}"
        ],
        "timestamp": "2023-08-28T08:46:48+0000"
    },
    "single_end__nomeseq_software_versions": {
        "content": [
            "{BISMARK_ALIGN={bismark=0.24.0}, BISMARK_GENOMEPREPARATION={bismark=0.24.0}, CAT_FASTQ={cat=8.30}, CUSTOM_DUMPSOFTWAREVERSIONS={python=3.11.0, yaml=6.0}, FASTQC={fastqc=0.11.9}, QUALIMAP_BAMQC={qualimap=2.2.2-dev}, TRIMGALORE={cutadapt=3.4, trimgalore=0.6.7}, Workflow={nf-core/methylseq=2.5.0dev}}"
        ],
        "timestamp": "2023-08-28T08:46:48+0000"
    },
    "clip_r1_software_versions": {
        "content": [
            "{BISMARK_ALIGN={bismark=0.24.0}, BISMARK_GENOMEPREPARATION={bismark=0.24.0}, CAT_FASTQ={cat=8.30}, CUSTOM_DUMPSOFTWAREVERSIONS={python=3.11.0, yaml=6.0}, FASTQC={fastqc=0.11.9}, QUALIMAP_BAMQC={qualimap=2.2.2-dev}, TRIMGALORE={cutadapt=3.4, trimgalore=0.6.7}, Workflow={nf-core/methylseq=2.5.0dev}}"
        ],
        "timestamp": "2023-08-28T08:46:48+0000"
    },
    "single_end": {
        "content": [
            "Ecoli_10K_1_val_1_bismark_bt2_pe.deduplicated.bam:md5,a7464c83416ba057387df5d85b1bc1fe",
            "SRR389222_trimmed_bismark_bt2.deduplicated.bam:md5,7dba45955ae74159596a6ab41a9dcc87",
            "Ecoli_10K_1_val_1_bismark_bt2_pe.deduplicated.bedGraph.gz:md5,66af42e52cdcaf5ceabddb33c9045a4d",
            "SRR389222_trimmed_bismark_bt2.deduplicated.bedGraph.gz:md5,60bf00418d5e2ede8740e3cba6c6ef61",
            "Ecoli_10K_1_val_1_bismark_bt2_pe.deduplicated.M-bias.txt:md5,29f3b882a51b63ce77d3d9c69b0e5f85",
            "SRR389222_trimmed_bismark_bt2.deduplicated.M-bias.txt:md5,bc48b8895f9ce84205a25899cf551624",
            "Ecoli_10K_1_val_1_bismark_bt2_pe.deduplicated.bismark.cov.gz:md5,ef5178734cdbba3326e22f8459b4db48",
            "SRR389222_trimmed_bismark_bt2.deduplicated.bismark.cov.gz:md5,0bb6dd26908e239f695105230564b59b",
            [
                "CHG_OB_Ecoli_10K_1_val_1_bismark_bt2_pe.deduplicated.txt.gz:md5,bca8572c7cd3cd45e148ba722ad4b12d",
                "CHG_OB_SRR389222_trimmed_bismark_bt2.deduplicated.txt.gz:md5,b0f6e9284b65d1bf3c813008c08656cc",
                "CHG_OT_Ecoli_10K_1_val_1_bismark_bt2_pe.deduplicated.txt.gz:md5,7f49ecab1843458c28c3d6fe6a85149e",
                "CHG_OT_SRR389222_trimmed_bismark_bt2.deduplicated.txt.gz:md5,ddc200fe98155bf88be3d98073a37238",
                "CHH_OB_Ecoli_10K_1_val_1_bismark_bt2_pe.deduplicated.txt.gz:md5,e67409a20a141077edc1dc61972bb278",
                "CHH_OB_SRR389222_trimmed_bismark_bt2.deduplicated.txt.gz:md5,aca84c4d6fffb7bf72f4dcd4371dc89b",
                "CHH_OT_Ecoli_10K_1_val_1_bismark_bt2_pe.deduplicated.txt.gz:md5,d173808471dbb7c50ef43eb1f5f29faa",
                "CHH_OT_SRR389222_trimmed_bismark_bt2.deduplicated.txt.gz:md5,a23e78b714eb1ef1810714d29557c620",
                "CpG_OB_Ecoli_10K_1_val_1_bismark_bt2_pe.deduplicated.txt.gz:md5,c3d32d42c00d94ea8322487aa0a20787",
                "CpG_OB_SRR389222_trimmed_bismark_bt2.deduplicated.txt.gz:md5,0039a8c3f8971a5a99bc58bc1511fa0d",
                "CpG_OT_Ecoli_10K_1_val_1_bismark_bt2_pe.deduplicated.txt.gz:md5,6dfc57a2892d7cd3bebb7cbc0878196b",
                "CpG_OT_SRR389222_trimmed_bismark_bt2.deduplicated.txt.gz:md5,288062a6b71f04688afad75dcd2230f9"
            ],
            "Ecoli_10K_1_val_1_bismark_bt2_pe.deduplicated_splitting_report.txt:md5,79ebef1c474ff5bdb5f79b955208bb04",
            "SRR389222_trimmed_bismark_bt2.deduplicated_splitting_report.txt:md5,1c4a4288b3bcf1bbaa6b99e3c4b53ce9",
            [
                [
                    [
                        "BS_CT.1.bt2:md5,d53bef7d951c7d08e327944581c911eb",
                        "BS_CT.2.bt2:md5,752a03fc364115fc910e5a28ae154382",
                        "BS_CT.3.bt2:md5,b41e72eefad74e8ede411c78a5bd5dee",
                        "BS_CT.4.bt2:md5,02b3d1855a67fd9cbb4c411406a22fde",
                        "BS_CT.rev.1.bt2:md5,52ae603fff473b3b25eecd36c533edb9",
                        "BS_CT.rev.2.bt2:md5,0e290e05f7dae065cae54e29ed97afe5",
                        "genome_mfa.CT_conversion.fa:md5,4dd181b65f1f3549f4132c9a3759eee8"
                    ],
                    [
                        "BS_GA.1.bt2:md5,9aff51b1712758b891b0c427a988977f",
                        "BS_GA.2.bt2:md5,579241d95941538b2e75bbdb6cfaa73d",
                        "BS_GA.3.bt2:md5,b41e72eefad74e8ede411c78a5bd5dee",
                        "BS_GA.4.bt2:md5,6b64fa496ffa2af2af235e1c87f06a25",
                        "BS_GA.rev.1.bt2:md5,dabf2d6f80ba7e8fc96dfdc203f6bbfd",
                        "BS_GA.rev.2.bt2:md5,fac2f8b39b0e15dec7aa79a0ecf12b49",
                        "genome_mfa.GA_conversion.fa:md5,3dee732bc344fd620c3a7322f52c6a5f"
                    ]
                ],
                "genome.fa:md5,923a0a268ad29fee3c3437d00f9970de"
            ],
            "genome_results.txt:md5,1e01c188f34b7d385e8b16156ab2b93e",
            "genome_results.txt:md5,b99d4cfd82d21ac09ccb72865f9b3960"
        ],
        "timestamp": "2023-08-28T08:46:48+0000"
    },
    "single_end_rrbs": {
        "content": [
            "Ecoli_10K_methylated_R1_bismark_bt2_pe.bam:md5,1497e3a06ee045cb82f834ddb4bcfe88",
            "SRR389222.merged_bismark_bt2.bam:md5,c3e94ff13a934e0c78ebb6d40f7c8230",
            "Ecoli_10K_methylated_R1_bismark_bt2_pe.bedGraph.gz:md5,66af42e52cdcaf5ceabddb33c9045a4d",
            "SRR389222.merged_bismark_bt2.bedGraph.gz:md5,5d87f42769268bceb35b3341aa4dc92f",
            "Ecoli_10K_methylated_R1_bismark_bt2_pe.M-bias.txt:md5,29f3b882a51b63ce77d3d9c69b0e5f85",
            "SRR389222.merged_bismark_bt2.M-bias.txt:md5,514f544046333337f0f74b7386b8afa6",
            "Ecoli_10K_methylated_R1_bismark_bt2_pe.bismark.cov.gz:md5,ef5178734cdbba3326e22f8459b4db48",
            "SRR389222.merged_bismark_bt2.bismark.cov.gz:md5,b46638fd5f36fa4bce5f4f7b7247d995",
            [
                "CHG_OB_Ecoli_10K_methylated_R1_bismark_bt2_pe.txt.gz:md5,bca8572c7cd3cd45e148ba722ad4b12d",
                "CHG_OB_SRR389222.merged_bismark_bt2.txt.gz:md5,3fcc7974fd6c5cbacf231835f58d949b",
                "CHG_OT_Ecoli_10K_methylated_R1_bismark_bt2_pe.txt.gz:md5,7f49ecab1843458c28c3d6fe6a85149e",
                "CHG_OT_SRR389222.merged_bismark_bt2.txt.gz:md5,d80c75d6eb49f629c9f5f4c2e63588aa",
                "CHH_OB_Ecoli_10K_methylated_R1_bismark_bt2_pe.txt.gz:md5,e67409a20a141077edc1dc61972bb278",
                "CHH_OB_SRR389222.merged_bismark_bt2.txt.gz:md5,2fb870b779750951bec579ce7562736e",
                "CHH_OT_Ecoli_10K_methylated_R1_bismark_bt2_pe.txt.gz:md5,d173808471dbb7c50ef43eb1f5f29faa",
                "CHH_OT_SRR389222.merged_bismark_bt2.txt.gz:md5,8fea7767cfe903f9671a506feaa7a8a6",
                "CpG_OB_Ecoli_10K_methylated_R1_bismark_bt2_pe.txt.gz:md5,c3d32d42c00d94ea8322487aa0a20787",
                "CpG_OB_SRR389222.merged_bismark_bt2.txt.gz:md5,6537b18418e62410d9ae617480702c54",
                "CpG_OT_Ecoli_10K_methylated_R1_bismark_bt2_pe.txt.gz:md5,6dfc57a2892d7cd3bebb7cbc0878196b",
                "CpG_OT_SRR389222.merged_bismark_bt2.txt.gz:md5,3450512dc718e26edf13ff870cf3b159"
            ],
            "Ecoli_10K_methylated_R1_bismark_bt2_pe_splitting_report.txt:md5,fa089f6146df9667862970b6ddc998b0",
            "SRR389222.merged_bismark_bt2_splitting_report.txt:md5,0ece57f8fc3aa659d2f0b7a09cf48398",
            [
                [
                    [
                        "BS_CT.1.bt2:md5,d53bef7d951c7d08e327944581c911eb",
                        "BS_CT.2.bt2:md5,752a03fc364115fc910e5a28ae154382",
                        "BS_CT.3.bt2:md5,b41e72eefad74e8ede411c78a5bd5dee",
                        "BS_CT.4.bt2:md5,02b3d1855a67fd9cbb4c411406a22fde",
                        "BS_CT.rev.1.bt2:md5,52ae603fff473b3b25eecd36c533edb9",
                        "BS_CT.rev.2.bt2:md5,0e290e05f7dae065cae54e29ed97afe5",
                        "genome_mfa.CT_conversion.fa:md5,4dd181b65f1f3549f4132c9a3759eee8"
                    ],
                    [
                        "BS_GA.1.bt2:md5,9aff51b1712758b891b0c427a988977f",
                        "BS_GA.2.bt2:md5,579241d95941538b2e75bbdb6cfaa73d",
                        "BS_GA.3.bt2:md5,b41e72eefad74e8ede411c78a5bd5dee",
                        "BS_GA.4.bt2:md5,6b64fa496ffa2af2af235e1c87f06a25",
                        "BS_GA.rev.1.bt2:md5,dabf2d6f80ba7e8fc96dfdc203f6bbfd",
                        "BS_GA.rev.2.bt2:md5,fac2f8b39b0e15dec7aa79a0ecf12b49",
                        "genome_mfa.GA_conversion.fa:md5,3dee732bc344fd620c3a7322f52c6a5f"
                    ]
                ],
                "genome.fa:md5,923a0a268ad29fee3c3437d00f9970de"
            ],
            "genome_results.txt:md5,b6ba7868b12971aaad0d4a04e25acd0b",
            "genome_results.txt:md5,f0d293867800a75becf2583c23729083"
        ],
        "timestamp": "2023-08-28T08:46:48+0000"
    },
    "clip_r1": {
        "content": [
            "Ecoli_10K_1_val_1_bismark_bt2_pe.deduplicated.bam:md5,388bb71e1e52628823e8b590d37cd665",
            "SRR389222_trimmed_bismark_bt2.deduplicated.bam:md5,1bfe463dabf8727992e3ff6c19d8e7c1",
            "Ecoli_10K_1_val_1_bismark_bt2_pe.deduplicated.bedGraph.gz:md5,4fbac770e7bf6b93e972d7e5bc494aac",
            "SRR389222_trimmed_bismark_bt2.deduplicated.bedGraph.gz:md5,7b7535a28d655edaa94bcfa79957731a",
            "Ecoli_10K_1_val_1_bismark_bt2_pe.deduplicated.M-bias.txt:md5,83a004a3d957cf95f25933bcd828a8d4",
            "SRR389222_trimmed_bismark_bt2.deduplicated.M-bias.txt:md5,90a6b76d41112c6de391d3a017638d95",
            "Ecoli_10K_1_val_1_bismark_bt2_pe.deduplicated.bismark.cov.gz:md5,9dc43af95c865440be68a4a41634f6c3",
            "SRR389222_trimmed_bismark_bt2.deduplicated.bismark.cov.gz:md5,da2acc1e94842feee25e282575b74ce2",
            [
                "CHG_OB_Ecoli_10K_1_val_1_bismark_bt2_pe.deduplicated.txt.gz:md5,bd15affb231e6fa69f3daef1993e732f",
                "CHG_OB_SRR389222_trimmed_bismark_bt2.deduplicated.txt.gz:md5,8175e992f5cd9c3cd9c2d82b36c3231b",
                "CHG_OT_Ecoli_10K_1_val_1_bismark_bt2_pe.deduplicated.txt.gz:md5,f5fee467014e215c43569efcc696a6e0",
                "CHG_OT_SRR389222_trimmed_bismark_bt2.deduplicated.txt.gz:md5,9918a6c806dcb92a95e3806e8aae30f7",
                "CHH_OB_Ecoli_10K_1_val_1_bismark_bt2_pe.deduplicated.txt.gz:md5,0c0f91367e3fd1d14710604af2cfeb1c",
                "CHH_OB_SRR389222_trimmed_bismark_bt2.deduplicated.txt.gz:md5,52dcf6c1e4e0cf4aaee2c4e42aad190f",
                "CHH_OT_Ecoli_10K_1_val_1_bismark_bt2_pe.deduplicated.txt.gz:md5,8befa0112f299724b60eb6c5de1cdf1f",
                "CHH_OT_SRR389222_trimmed_bismark_bt2.deduplicated.txt.gz:md5,c4c864ee34ebb523d3c424b787ee9a3a",
                "CpG_OB_Ecoli_10K_1_val_1_bismark_bt2_pe.deduplicated.txt.gz:md5,50f969a02e2a50f140dedb90cdc3718d",
                "CpG_OB_SRR389222_trimmed_bismark_bt2.deduplicated.txt.gz:md5,e066703e693e77ef934f64f16013c431",
                "CpG_OT_Ecoli_10K_1_val_1_bismark_bt2_pe.deduplicated.txt.gz:md5,af7b19d0658a58a3a6f2632d9c0276f4",
                "CpG_OT_SRR389222_trimmed_bismark_bt2.deduplicated.txt.gz:md5,b3c76b857baf4f2236137466b474cdb8"
            ],
            "Ecoli_10K_1_val_1_bismark_bt2_pe.deduplicated_splitting_report.txt:md5,373ac926ba4ceae1c4826f5ea4b3ada6",
            "SRR389222_trimmed_bismark_bt2.deduplicated_splitting_report.txt:md5,9a1a5d1e6722dda9e8a1953a01c415d0",
            "SRR389222.merged.fastq.gz:md5,ba5df0639e25988059a6f5bf309dbb6e",
            "genome_results.txt:md5,72bdf73fe97711a2ba75b5c59f3a5637",
            "genome_results.txt:md5,5631f1632df00985946641cfc1601633"
        ],
        "timestamp": "2023-08-28T08:46:48+0000"
    }
}